{"fixture":"PDF-01-text-heavy.pdf","mode":"lossless","input":1480721,"output":1480721,"pct":0,"ms":878}
{"fixture":"PDF-01-text-heavy.pdf","mode":"balanced","input":1480721,"output":1480721,"pct":0,"ms":886}
{"fixture":"PDF-01-text-heavy.pdf","mode":"small","input":1480721,"output":1480721,"pct":0,"ms":883}
{"fixture":"PDF-02-scan-photo.pdf","mode":"lossless","input":5120464,"output":5120464,"pct":0,"ms":97}
{"fixture":"PDF-02-scan-photo.pdf","mode":"balanced","input":5120464,"output":1634097,"pct":68.1,"ms":348}
{"fixture":"PDF-02-scan-photo.pdf","mode":"small","input":5120464,"output":584310,"pct":88.6,"ms":352}
{"fixture":"PDF-03-large-scan.pdf","mode":"lossless","input":23274446,"output":23274446,"pct":0,"ms":139}
{"fixture":"PDF-03-large-scan.pdf","mode":"balanced","input":23274446,"output":2374706,"pct":89.8,"ms":863}
{"fixture":"PDF-03-large-scan.pdf","mode":"small","input":23274446,"output":764187,"pct":96.7,"ms":868}
{"fixture":"PDF-04-mixed.pdf","mode":"lossless","input":2072076,"output":2072076,"pct":0,"ms":96}
{"fixture":"PDF-04-mixed.pdf","mode":"balanced","input":2072076,"output":527592,"pct":74.5,"ms":216}
{"fixture":"PDF-04-mixed.pdf","mode":"small","input":2072076,"output":138846,"pct":93.3,"ms":136}
{"fixture":"PDF-05-bloated.pdf","mode":"lossless","input":37720142,"output":7003090,"pct":81.4,"ms":260}
{"fixture":"PDF-05-bloated.pdf","mode":"balanced","input":37720142,"output":1317696,"pct":96.5,"ms":349}
{"fixture":"PDF-05-bloated.pdf","mode":"small","input":37720142,"output":957375,"pct":97.5,"ms":356}
{"fixture":"PDF-06-optimized.pdf","mode":"lossless","input":9150,"output":9150,"pct":0,"ms":69}
{"fixture":"PDF-06-optimized.pdf","mode":"balanced","input":9150,"output":9150,"pct":0,"ms":77}
{"fixture":"PDF-06-optimized.pdf","mode":"small","input":9150,"output":9150,"pct":0,"ms":70}
{"fixture":"PDF-07-rotated.pdf","mode":"lossless","input":13377,"output":13377,"pct":0,"ms":72}
{"fixture":"PDF-07-rotated.pdf","mode":"balanced","input":13377,"output":13377,"pct":0,"ms":81}
{"fixture":"PDF-07-rotated.pdf","mode":"small","input":13377,"output":13377,"pct":0,"ms":99}
{"fixture":"PDF-08-metadata.pdf","mode":"lossless","input":10877,"output":7087,"pct":34.8,"ms":70}
{"fixture":"PDF-08-metadata.pdf","mode":"balanced","input":10877,"output":7087,"pct":34.8,"ms":94}
{"fixture":"PDF-08-metadata.pdf","mode":"small","input":10877,"output":7087,"pct":34.8,"ms":88}
{"fixture":"PDF-09-form.pdf","mode":"lossless","input":5415,"output":5415,"pct":0,"ms":76}
{"fixture":"PDF-09-form.pdf","mode":"balanced","input":5415,"output":5415,"pct":0,"ms":74}
{"fixture":"PDF-09-form.pdf","mode":"small","input":5415,"output":5415,"pct":0,"ms":87}
{"fixture":"PDF-10-many-pages.pdf","mode":"lossless","input":30276,"output":30276,"pct":0,"ms":76}
{"fixture":"PDF-10-many-pages.pdf","mode":"balanced","input":30276,"output":30276,"pct":0,"ms":95}
{"fixture":"PDF-10-many-pages.pdf","mode":"small","input":30276,"output":30276,"pct":0,"ms":85}
{"fixture":"PDF-11-corrupt.pdf","mode":"lossless","input":1200,"pct":null,"ms":56,"error":"Home\nTools\nPDF\nCompress PDF\nAvailable\nProcessed on your device\nCompress PDF\n\nShrink a PDF by merging repeated images and tidying its structure — or, if you choose, re-saving its photos and scans at lo"}
{"fixture":"PDF-11-corrupt.pdf","mode":"balanced","input":1200,"pct":null,"ms":76,"error":"Home\nTools\nPDF\nCompress PDF\nAvailable\nProcessed on your device\nCompress PDF\n\nShrink a PDF by merging repeated images and tidying its structure — or, if you choose, re-saving its photos and scans at lo"}
{"fixture":"PDF-11-corrupt.pdf","mode":"small","input":1200,"pct":null,"ms":72,"error":"Home\nTools\nPDF\nCompress PDF\nAvailable\nProcessed on your device\nCompress PDF\n\nShrink a PDF by merging repeated images and tidying its structure — or, if you choose, re-saving its photos and scans at lo"}
{"fixture":"PDF-12-scanned-ocr.pdf","mode":"lossless","input":2387094,"output":2387094,"pct":0,"ms":127}
{"fixture":"PDF-12-scanned-ocr.pdf","mode":"balanced","input":2387094,"output":874113,"pct":63.4,"ms":273}
{"fixture":"PDF-12-scanned-ocr.pdf","mode":"small","input":2387094,"output":334383,"pct":86,"ms":277}
{"fixture":"PDF-13-scan-flate.pdf","mode":"lossless","input":8771816,"output":8771816,"pct":0,"ms":143}
{"fixture":"PDF-13-scan-flate.pdf","mode":"balanced","input":8771816,"output":1039448,"pct":88.2,"ms":397}
{"fixture":"PDF-13-scan-flate.pdf","mode":"small","input":8771816,"output":376948,"pct":95.7,"ms":289}
{"fixture":"PDF-14-scan-ascii85-flate.pdf","mode":"lossless","input":10964469,"output":10964469,"pct":0,"ms":155}
{"fixture":"PDF-14-scan-ascii85-flate.pdf","mode":"balanced","input":10964469,"output":1039448,"pct":90.5,"ms":523}
{"fixture":"PDF-14-scan-ascii85-flate.pdf","mode":"small","input":10964469,"output":376948,"pct":96.6,"ms":518}
{"fixture":"PDF-15-scan-flate-predictor.pdf","mode":"lossless","input":9776880,"output":9776880,"pct":0,"ms":146}
{"fixture":"PDF-15-scan-flate-predictor.pdf","mode":"balanced","input":9776880,"output":1039449,"pct":89.4,"ms":464}
{"fixture":"PDF-15-scan-flate-predictor.pdf","mode":"small","input":9776880,"output":376949,"pct":96.1,"ms":428}
{"fixture":"TheFileConvert_Scanned_OCR_Test.pdf","mode":"lossless","input":3982736,"output":3981768,"pct":0,"ms":90}
{"fixture":"TheFileConvert_Scanned_OCR_Test.pdf","mode":"balanced","input":3982736,"output":199094,"pct":95,"ms":944}
{"fixture":"TheFileConvert_Scanned_OCR_Test.pdf","mode":"small","input":3982736,"output":112522,"pct":97.2,"ms":537}
