{"fixture":"PDF-01-text-heavy.pdf","mode":"lossless","input":1480721,"output":1480721,"pagesIn":700,"pagesOut":700,"pagesChecked":6,"worstPsnr":99,"meanAbsDiff":0,"textIdenticalPages":"6/6"}
{"fixture":"PDF-01-text-heavy.pdf","mode":"balanced","input":1480721,"output":1480721,"pagesIn":700,"pagesOut":700,"pagesChecked":6,"worstPsnr":99,"meanAbsDiff":0,"textIdenticalPages":"6/6"}
{"fixture":"PDF-01-text-heavy.pdf","mode":"small","input":1480721,"output":1480721,"pagesIn":700,"pagesOut":700,"pagesChecked":6,"worstPsnr":99,"meanAbsDiff":0,"textIdenticalPages":"6/6"}
{"fixture":"PDF-02-scan-photo.pdf","mode":"lossless","input":5120464,"output":5120464,"pagesIn":3,"pagesOut":3,"pagesChecked":3,"worstPsnr":99,"meanAbsDiff":0,"textIdenticalPages":"3/3"}
{"fixture":"PDF-02-scan-photo.pdf","mode":"balanced","input":5120464,"output":1634097,"pagesIn":3,"pagesOut":3,"pagesChecked":3,"worstPsnr":27.79,"meanAbsDiff":4.786,"textIdenticalPages":"3/3"}
{"fixture":"PDF-02-scan-photo.pdf","mode":"small","input":5120464,"output":584310,"pagesIn":3,"pagesOut":3,"pagesChecked":3,"worstPsnr":24.69,"meanAbsDiff":6.989,"textIdenticalPages":"3/3"}
{"fixture":"PDF-03-large-scan.pdf","mode":"lossless","input":23274446,"output":23274446,"pagesIn":4,"pagesOut":4,"pagesChecked":4,"worstPsnr":99,"meanAbsDiff":0,"textIdenticalPages":"4/4"}
{"fixture":"PDF-03-large-scan.pdf","mode":"balanced","input":23274446,"output":2374706,"pagesIn":4,"pagesOut":4,"pagesChecked":4,"worstPsnr":25.85,"meanAbsDiff":5.911,"textIdenticalPages":"4/4"}
{"fixture":"PDF-03-large-scan.pdf","mode":"small","input":23274446,"output":764187,"pagesIn":4,"pagesOut":4,"pagesChecked":4,"worstPsnr":25.84,"meanAbsDiff":6.047,"textIdenticalPages":"4/4"}
{"fixture":"PDF-04-mixed.pdf","mode":"lossless","input":2072076,"output":2072076,"pagesIn":6,"pagesOut":6,"pagesChecked":6,"worstPsnr":99,"meanAbsDiff":0,"textIdenticalPages":"6/6"}
{"fixture":"PDF-04-mixed.pdf","mode":"balanced","input":2072076,"output":527592,"pagesIn":6,"pagesOut":6,"pagesChecked":6,"worstPsnr":42.25,"meanAbsDiff":0.83,"textIdenticalPages":"6/6"}
{"fixture":"PDF-04-mixed.pdf","mode":"small","input":2072076,"output":138846,"pagesIn":6,"pagesOut":6,"pagesChecked":6,"worstPsnr":40.36,"meanAbsDiff":1.019,"textIdenticalPages":"6/6"}
{"fixture":"PDF-05-bloated.pdf","mode":"lossless","input":37720142,"output":7003090,"pagesIn":6,"pagesOut":6,"pagesChecked":6,"worstPsnr":99,"meanAbsDiff":0,"textIdenticalPages":"6/6"}
{"fixture":"PDF-05-bloated.pdf","mode":"balanced","input":37720142,"output":1317696,"pagesIn":6,"pagesOut":6,"pagesChecked":6,"worstPsnr":42.99,"meanAbsDiff":0.871,"textIdenticalPages":"6/6"}
{"fixture":"PDF-05-bloated.pdf","mode":"small","input":37720142,"output":957375,"pagesIn":6,"pagesOut":6,"pagesChecked":6,"worstPsnr":40.66,"meanAbsDiff":1.118,"textIdenticalPages":"6/6"}
{"fixture":"PDF-06-optimized.pdf","mode":"lossless","input":9150,"output":9150,"pagesIn":4,"pagesOut":4,"pagesChecked":4,"worstPsnr":99,"meanAbsDiff":0,"textIdenticalPages":"4/4"}
{"fixture":"PDF-06-optimized.pdf","mode":"balanced","input":9150,"output":9150,"pagesIn":4,"pagesOut":4,"pagesChecked":4,"worstPsnr":99,"meanAbsDiff":0,"textIdenticalPages":"4/4"}
{"fixture":"PDF-06-optimized.pdf","mode":"small","input":9150,"output":9150,"pagesIn":4,"pagesOut":4,"pagesChecked":4,"worstPsnr":99,"meanAbsDiff":0,"textIdenticalPages":"4/4"}
{"fixture":"PDF-07-rotated.pdf","mode":"lossless","input":13377,"output":13377,"pagesIn":6,"pagesOut":6,"pagesChecked":6,"worstPsnr":99,"meanAbsDiff":0,"textIdenticalPages":"6/6"}
{"fixture":"PDF-07-rotated.pdf","mode":"balanced","input":13377,"output":13377,"pagesIn":6,"pagesOut":6,"pagesChecked":6,"worstPsnr":99,"meanAbsDiff":0,"textIdenticalPages":"6/6"}
{"fixture":"PDF-07-rotated.pdf","mode":"small","input":13377,"output":13377,"pagesIn":6,"pagesOut":6,"pagesChecked":6,"worstPsnr":99,"meanAbsDiff":0,"textIdenticalPages":"6/6"}
{"fixture":"PDF-08-metadata.pdf","mode":"lossless","input":10877,"output":7087,"pagesIn":3,"pagesOut":3,"pagesChecked":3,"worstPsnr":99,"meanAbsDiff":0,"textIdenticalPages":"3/3"}
{"fixture":"PDF-08-metadata.pdf","mode":"balanced","input":10877,"output":7087,"pagesIn":3,"pagesOut":3,"pagesChecked":3,"worstPsnr":99,"meanAbsDiff":0,"textIdenticalPages":"3/3"}
{"fixture":"PDF-08-metadata.pdf","mode":"small","input":10877,"output":7087,"pagesIn":3,"pagesOut":3,"pagesChecked":3,"worstPsnr":99,"meanAbsDiff":0,"textIdenticalPages":"3/3"}
{"fixture":"PDF-09-form.pdf","mode":"lossless","input":5415,"output":5415,"pagesIn":1,"pagesOut":1,"pagesChecked":1,"worstPsnr":99,"meanAbsDiff":0,"textIdenticalPages":"1/1"}
{"fixture":"PDF-09-form.pdf","mode":"balanced","input":5415,"output":5415,"pagesIn":1,"pagesOut":1,"pagesChecked":1,"worstPsnr":99,"meanAbsDiff":0,"textIdenticalPages":"1/1"}
{"fixture":"PDF-09-form.pdf","mode":"small","input":5415,"output":5415,"pagesIn":1,"pagesOut":1,"pagesChecked":1,"worstPsnr":99,"meanAbsDiff":0,"textIdenticalPages":"1/1"}
{"fixture":"PDF-10-many-pages.pdf","mode":"lossless","input":30276,"output":30276,"pagesIn":14,"pagesOut":14,"pagesChecked":6,"worstPsnr":99,"meanAbsDiff":0,"textIdenticalPages":"6/6"}
{"fixture":"PDF-10-many-pages.pdf","mode":"balanced","input":30276,"output":30276,"pagesIn":14,"pagesOut":14,"pagesChecked":6,"worstPsnr":99,"meanAbsDiff":0,"textIdenticalPages":"6/6"}
{"fixture":"PDF-10-many-pages.pdf","mode":"small","input":30276,"output":30276,"pagesIn":14,"pagesOut":14,"pagesChecked":6,"worstPsnr":99,"meanAbsDiff":0,"textIdenticalPages":"6/6"}
{"fixture":"PDF-12-scanned-ocr.pdf","mode":"lossless","input":2387094,"output":2387094,"pagesIn":2,"pagesOut":2,"pagesChecked":2,"worstPsnr":99,"meanAbsDiff":0,"textIdenticalPages":"2/2"}
{"fixture":"PDF-12-scanned-ocr.pdf","mode":"balanced","input":2387094,"output":874113,"pagesIn":2,"pagesOut":2,"pagesChecked":2,"worstPsnr":27.93,"meanAbsDiff":4.284,"textIdenticalPages":"2/2"}
{"fixture":"PDF-12-scanned-ocr.pdf","mode":"small","input":2387094,"output":334383,"pagesIn":2,"pagesOut":2,"pagesChecked":2,"worstPsnr":24.69,"meanAbsDiff":6.54,"textIdenticalPages":"2/2"}
{"fixture":"PDF-13-scan-flate.pdf","mode":"lossless","input":8771816,"output":8771816,"pagesIn":2,"pagesOut":2,"pagesChecked":2,"worstPsnr":99,"meanAbsDiff":0,"textIdenticalPages":"2/2"}
{"fixture":"PDF-13-scan-flate.pdf","mode":"balanced","input":8771816,"output":1039448,"pagesIn":2,"pagesOut":2,"pagesChecked":2,"worstPsnr":27.91,"meanAbsDiff":4.657,"textIdenticalPages":"2/2"}
{"fixture":"PDF-13-scan-flate.pdf","mode":"small","input":8771816,"output":376948,"pagesIn":2,"pagesOut":2,"pagesChecked":2,"worstPsnr":24.77,"meanAbsDiff":6.724,"textIdenticalPages":"2/2"}
{"fixture":"PDF-14-scan-ascii85-flate.pdf","mode":"lossless","input":10964469,"output":10964469,"pagesIn":2,"pagesOut":2,"pagesChecked":2,"worstPsnr":99,"meanAbsDiff":0,"textIdenticalPages":"2/2"}
{"fixture":"PDF-14-scan-ascii85-flate.pdf","mode":"balanced","input":10964469,"output":1039448,"pagesIn":2,"pagesOut":2,"pagesChecked":2,"worstPsnr":27.91,"meanAbsDiff":4.657,"textIdenticalPages":"2/2"}
{"fixture":"PDF-14-scan-ascii85-flate.pdf","mode":"small","input":10964469,"output":376948,"pagesIn":2,"pagesOut":2,"pagesChecked":2,"worstPsnr":24.77,"meanAbsDiff":6.724,"textIdenticalPages":"2/2"}
{"fixture":"PDF-15-scan-flate-predictor.pdf","mode":"lossless","input":9776880,"output":9776880,"pagesIn":2,"pagesOut":2,"pagesChecked":2,"worstPsnr":99,"meanAbsDiff":0,"textIdenticalPages":"2/2"}
{"fixture":"PDF-15-scan-flate-predictor.pdf","mode":"balanced","input":9776880,"output":1039449,"pagesIn":2,"pagesOut":2,"pagesChecked":2,"worstPsnr":27.91,"meanAbsDiff":4.657,"textIdenticalPages":"2/2"}
{"fixture":"PDF-15-scan-flate-predictor.pdf","mode":"small","input":9776880,"output":376949,"pagesIn":2,"pagesOut":2,"pagesChecked":2,"worstPsnr":24.77,"meanAbsDiff":6.724,"textIdenticalPages":"2/2"}
{"fixture":"TheFileConvert_Scanned_OCR_Test.pdf","mode":"lossless","input":3982736,"output":3981768,"pagesIn":2,"pagesOut":2,"pagesChecked":2,"worstPsnr":99,"meanAbsDiff":0,"textIdenticalPages":"2/2"}
{"fixture":"TheFileConvert_Scanned_OCR_Test.pdf","mode":"balanced","input":3982736,"output":199094,"pagesIn":2,"pagesOut":2,"pagesChecked":2,"worstPsnr":34.77,"meanAbsDiff":1.227,"textIdenticalPages":"2/2"}
{"fixture":"TheFileConvert_Scanned_OCR_Test.pdf","mode":"small","input":3982736,"output":112522,"pagesIn":2,"pagesOut":2,"pagesChecked":2,"worstPsnr":34.53,"meanAbsDiff":1.969,"textIdenticalPages":"2/2"}
